// Jest Snapshot v1, https://goo.gl/fbAQLP

exports[`App snapshot renders the root without loading screen 1`] = `
<View
  style={
    Object {
      "backgroundColor": "#fff",
      "flex": 1,
    }
  }
>
  <View
    style={
      Object {
        "flex": 1,
        "overflow": "hidden",
      }
    }
  >
    <View
      style={
        Object {
          "flex": 1,
        }
      }
    >
      <View
        collapsable={false}
        pointerEvents="auto"
        removeClippedSubviews={false}
        style={
          Array [
            Object {
              "flex": 1,
              "overflow": "hidden",
            },
            Object {
              "bottom": 0,
              "left": 0,
              "position": "absolute",
              "right": 0,
              "top": 0,
            },
            Object {
              "opacity": 1,
            },
          ]
        }
      >
        <View
          style={
            Object {
              "flex": 1,
            }
          }
        >
          <View
            onLayout={[Function]}
            style={
              Object {
                "flex": 1,
              }
            }
          >
            <View
              enabled={false}
              hitSlop={
                Object {
                  "right": 50,
                }
              }
              maxDeltaY={20}
              minOffsetX={5}
              onGestureEvent={[Function]}
              onHandlerStateChange={[Function]}
            >
              <View
                style={
                  Object {
                    "backgroundColor": "#eee",
                    "flex": 1,
                    "flexDirection": "column-reverse",
                    "overflow": "hidden",
                  }
                }
              >
                <View
                  style={
                    Object {
                      "flex": 1,
                    }
                  }
                >
                  <View
                    pointerEvents="auto"
                    style={
                      Object {
                        "bottom": 0,
                        "left": 0,
                        "opacity": 1,
                        "position": "absolute",
                        "right": 0,
                        "top": 0,
                        "transform": Array [
                          Object {
                            "translateX": 0,
                          },
                          Object {
                            "translateY": 0,
                          },
                        ],
                      }
                    }
                  >
                    <View
                      accessibilityElementsHidden={false}
                      style={
                        Object {
                          "backgroundColor": "white",
                          "flex": 1,
                        }
                      }
                    >
                      <View
                        style={
                          Object {
                            "alignItems": "stretch",
                            "backgroundColor": "#fff",
                            "flex": 1,
                            "flexDirection": "column",
                            "justifyContent": "center",
                          }
                        }
                      >
                        <View
                          style={
                            Object {
                              "flex": 10,
                              "marginTop": 30,
                            }
                          }
                        >
                          <View
                            onMoveShouldSetResponder={[Function]}
                            onMoveShouldSetResponderCapture={[Function]}
                            onResponderEnd={[Function]}
                            onResponderGrant={[Function]}
                            onResponderMove={[Function]}
                            onResponderReject={[Function]}
                            onResponderRelease={[Function]}
                            onResponderStart={[Function]}
                            onResponderTerminate={[Function]}
                            onResponderTerminationRequest={[Function]}
                            onStartShouldSetResponder={[Function]}
                            onStartShouldSetResponderCapture={[Function]}
                            style={
                              Object {
                                "height": "105%",
                                "position": "absolute",
                                "transform": Array [
                                  Object {
                                    "rotate": "0deg",
                                  },
                                  Object {
                                    "scale": 0.85,
                                  },
                                  Object {
                                    "translateX": 0,
                                  },
                                  Object {
                                    "translateY": 0,
                                  },
                                ],
                                "width": 750,
                              }
                            }
                          >
                            <View
                              style={
                                Object {
                                  "opacity": 0,
                                  "position": "absolute",
                                  "right": 45,
                                  "top": 45,
                                  "transform": Array [
                                    Object {
                                      "rotate": "15deg",
                                    },
                                  ],
                                  "zIndex": 999,
                                }
                              }
                            >
                              <Text
                                style={
                                  Array [
                                    Object {
                                      "borderRadius": 4,
                                      "borderWidth": 2,
                                      "fontSize": 30,
                                      "fontWeight": "800",
                                      "padding": 10,
                                    },
                                    Object {
                                      "borderColor": "#4bdb79",
                                      "color": "#4bdb79",
                                    },
                                  ]
                                }
                              >
                                YES
                              </Text>
                            </View>
                            <View
                              style={
                                Object {
                                  "left": 45,
                                  "opacity": 0,
                                  "position": "absolute",
                                  "top": 45,
                                  "transform": Array [
                                    Object {
                                      "rotate": "-15deg",
                                    },
                                  ],
                                  "zIndex": 999,
                                }
                              }
                            >
                              <Text
                                style={
                                  Array [
                                    Object {
                                      "borderRadius": 4,
                                      "borderWidth": 2,
                                      "fontSize": 30,
                                      "fontWeight": "800",
                                      "padding": 10,
                                    },
                                    Object {
                                      "borderColor": "#D80027",
                                      "color": "#D80027",
                                    },
                                  ]
                                }
                              >
                                NO
                              </Text>
                            </View>
                            <View
                              style={
                                Object {
                                  "backgroundColor": "#eee",
                                  "flex": 1,
                                  "padding": 16,
                                }
                              }
                            >
                              <Image
                                source={
                                  Object {
                                    "uri": "https://firebasestorage.googleapis.com/v0/b/react-native-e.appspot.com/o/6e5eae0a488e31bc3f4cac78c7ddd57b54ee011d.png?alt=media&token=69fcff4b-51ac-4917-bcc2-9b44e92e2b24",
                                  }
                                }
                                style={
                                  Object {
                                    "backgroundColor": "#fff",
                                    "borderRadius": 20,
                                    "flex": 1,
                                    "height": null,
                                    "resizeMode": "cover",
                                    "width": null,
                                  }
                                }
                              />
                              <Text>
                                Lorem ipsum dolor sit amet, consectetur adipiscing elit, sed do eiusmod tempor incididunt ut labore et dolore magna aliqua.
                              </Text>
                              <View
                                style={
                                  Object {
                                    "borderRadius": 3,
                                  }
                                }
                              >
                                <View
                                  accessible={true}
                                  isTVSelectable={true}
                                  onResponderGrant={[Function]}
                                  onResponderMove={[Function]}
                                  onResponderRelease={[Function]}
                                  onResponderTerminate={[Function]}
                                  onResponderTerminationRequest={[Function]}
                                  onStartShouldSetResponder={[Function]}
                                  style={
                                    Object {
                                      "opacity": 1,
                                    }
                                  }
                                >
                                  <View
                                    style={
                                      Object {
                                        "alignItems": "center",
                                        "backgroundColor": "#2089dc",
                                        "borderColor": "#2089dc",
                                        "borderRadius": 3,
                                        "borderWidth": 0,
                                        "flexDirection": "row",
                                        "justifyContent": "center",
                                        "padding": 8,
                                      }
                                    }
                                  >
                                    <Text
                                      style={
                                        Object {
                                          "color": "white",
                                          "fontSize": 18,
                                          "fontWeight": "bold",
                                          "paddingBottom": 1,
                                          "paddingTop": 2,
                                          "textAlign": "center",
                                        }
                                      }
                                    >
                                      Learn more
                                    </Text>
                                  </View>
                                </View>
                              </View>
                            </View>
                          </View>
                          <View
                            onMoveShouldSetResponder={[Function]}
                            onMoveShouldSetResponderCapture={[Function]}
                            onResponderEnd={[Function]}
                            onResponderGrant={[Function]}
                            onResponderMove={[Function]}
                            onResponderReject={[Function]}
                            onResponderRelease={[Function]}
                            onResponderStart={[Function]}
                            onResponderTerminate={[Function]}
                            onResponderTerminationRequest={[Function]}
                            onStartShouldSetResponder={[Function]}
                            onStartShouldSetResponderCapture={[Function]}
                            style={
                              Object {
                                "height": "105%",
                                "position": "absolute",
                                "transform": Array [
                                  Object {
                                    "rotate": "0deg",
                                  },
                                  Object {
                                    "scale": 0.85,
                                  },
                                  Object {
                                    "translateX": 0,
                                  },
                                  Object {
                                    "translateY": 0,
                                  },
                                ],
                                "width": 750,
                              }
                            }
                          >
                            <View
                              style={
                                Object {
                                  "opacity": 0,
                                  "position": "absolute",
                                  "right": 45,
                                  "top": 45,
                                  "transform": Array [
                                    Object {
                                      "rotate": "15deg",
                                    },
                                  ],
                                  "zIndex": 999,
                                }
                              }
                            >
                              <Text
                                style={
                                  Array [
                                    Object {
                                      "borderRadius": 4,
                                      "borderWidth": 2,
                                      "fontSize": 30,
                                      "fontWeight": "800",
                                      "padding": 10,
                                    },
                                    Object {
                                      "borderColor": "#4bdb79",
                                      "color": "#4bdb79",
                                    },
                                  ]
                                }
                              >
                                YES
                              </Text>
                            </View>
                            <View
                              style={
                                Object {
                                  "left": 45,
                                  "opacity": 0,
                                  "position": "absolute",
                                  "top": 45,
                                  "transform": Array [
                                    Object {
                                      "rotate": "-15deg",
                                    },
                                  ],
                                  "zIndex": 999,
                                }
                              }
                            >
                              <Text
                                style={
                                  Array [
                                    Object {
                                      "borderRadius": 4,
                                      "borderWidth": 2,
                                      "fontSize": 30,
                                      "fontWeight": "800",
                                      "padding": 10,
                                    },
                                    Object {
                                      "borderColor": "#D80027",
                                      "color": "#D80027",
                                    },
                                  ]
                                }
                              >
                                NO
                              </Text>
                            </View>
                            <View
                              style={
                                Object {
                                  "backgroundColor": "#eee",
                                  "flex": 1,
                                  "padding": 16,
                                }
                              }
                            >
                              <Image
                                source={
                                  Object {
                                    "uri": "https://firebasestorage.googleapis.com/v0/b/react-native-e.appspot.com/o/65d301487caf64ab1328b0fec7316beb2e7951d0.png?alt=media&token=a765f4c3-1e28-4820-9baf-f05bd05f4d7d",
                                  }
                                }
                                style={
                                  Object {
                                    "backgroundColor": "#fff",
                                    "borderRadius": 20,
                                    "flex": 1,
                                    "height": null,
                                    "resizeMode": "cover",
                                    "width": null,
                                  }
                                }
                              />
                              <Text>
                                Lorem ipsum dolor sit amet, consectetur adipiscing elit, sed do eiusmod tempor incididunt ut labore et dolore magna aliqua.
                              </Text>
                              <View
                                style={
                                  Object {
                                    "borderRadius": 3,
                                  }
                                }
                              >
                                <View
                                  accessible={true}
                                  isTVSelectable={true}
                                  onResponderGrant={[Function]}
                                  onResponderMove={[Function]}
                                  onResponderRelease={[Function]}
                                  onResponderTerminate={[Function]}
                                  onResponderTerminationRequest={[Function]}
                                  onStartShouldSetResponder={[Function]}
                                  style={
                                    Object {
                                      "opacity": 1,
                                    }
                                  }
                                >
                                  <View
                                    style={
                                      Object {
                                        "alignItems": "center",
                                        "backgroundColor": "#2089dc",
                                        "borderColor": "#2089dc",
                                        "borderRadius": 3,
                                        "borderWidth": 0,
                                        "flexDirection": "row",
                                        "justifyContent": "center",
                                        "padding": 8,
                                      }
                                    }
                                  >
                                    <Text
                                      style={
                                        Object {
                                          "color": "white",
                                          "fontSize": 18,
                                          "fontWeight": "bold",
                                          "paddingBottom": 1,
                                          "paddingTop": 2,
                                          "textAlign": "center",
                                        }
                                      }
                                    >
                                      Learn more
                                    </Text>
                                  </View>
                                </View>
                              </View>
                            </View>
                          </View>
                          <View
                            onMoveShouldSetResponder={[Function]}
                            onMoveShouldSetResponderCapture={[Function]}
                            onResponderEnd={[Function]}
                            onResponderGrant={[Function]}
                            onResponderMove={[Function]}
                            onResponderReject={[Function]}
                            onResponderRelease={[Function]}
                            onResponderStart={[Function]}
                            onResponderTerminate={[Function]}
                            onResponderTerminationRequest={[Function]}
                            onStartShouldSetResponder={[Function]}
                            onStartShouldSetResponderCapture={[Function]}
                            style={
                              Object {
                                "height": "105%",
                                "position": "absolute",
                                "transform": Array [
                                  Object {
                                    "rotate": "0deg",
                                  },
                                  Object {
                                    "scale": 0.85,
                                  },
                                  Object {
                                    "translateX": 0,
                                  },
                                  Object {
                                    "translateY": 0,
                                  },
                                ],
                                "width": 750,
                              }
                            }
                          >
                            <View
                              style={
                                Object {
                                  "opacity": 0,
                                  "position": "absolute",
                                  "right": 45,
                                  "top": 45,
                                  "transform": Array [
                                    Object {
                                      "rotate": "15deg",
                                    },
                                  ],
                                  "zIndex": 999,
                                }
                              }
                            >
                              <Text
                                style={
                                  Array [
                                    Object {
                                      "borderRadius": 4,
                                      "borderWidth": 2,
                                      "fontSize": 30,
                                      "fontWeight": "800",
                                      "padding": 10,
                                    },
                                    Object {
                                      "borderColor": "#4bdb79",
                                      "color": "#4bdb79",
                                    },
                                  ]
                                }
                              >
                                YES
                              </Text>
                            </View>
                            <View
                              style={
                                Object {
                                  "left": 45,
                                  "opacity": 0,
                                  "position": "absolute",
                                  "top": 45,
                                  "transform": Array [
                                    Object {
                                      "rotate": "-15deg",
                                    },
                                  ],
                                  "zIndex": 999,
                                }
                              }
                            >
                              <Text
                                style={
                                  Array [
                                    Object {
                                      "borderRadius": 4,
                                      "borderWidth": 2,
                                      "fontSize": 30,
                                      "fontWeight": "800",
                                      "padding": 10,
                                    },
                                    Object {
                                      "borderColor": "#D80027",
                                      "color": "#D80027",
                                    },
                                  ]
                                }
                              >
                                NO
                              </Text>
                            </View>
                            <View
                              style={
                                Object {
                                  "backgroundColor": "#eee",
                                  "flex": 1,
                                  "padding": 16,
                                }
                              }
                            >
                              <Image
                                source={
                                  Object {
                                    "uri": "https://firebasestorage.googleapis.com/v0/b/react-native-e.appspot.com/o/b734fde90c9ff10ce497fa0ca80efda230665b32.png?alt=media&token=8d3e2494-5cdd-42ae-a373-2aebafa4f6cd",
                                  }
                                }
                                style={
                                  Object {
                                    "backgroundColor": "#fff",
                                    "borderRadius": 20,
                                    "flex": 1,
                                    "height": null,
                                    "resizeMode": "cover",
                                    "width": null,
                                  }
                                }
                              />
                              <Text>
                                Lorem ipsum dolor sit amet, consectetur adipiscing elit, sed do eiusmod tempor incididunt ut labore et dolore magna aliqua.
                              </Text>
                              <View
                                style={
                                  Object {
                                    "borderRadius": 3,
                                  }
                                }
                              >
                                <View
                                  accessible={true}
                                  isTVSelectable={true}
                                  onResponderGrant={[Function]}
                                  onResponderMove={[Function]}
                                  onResponderRelease={[Function]}
                                  onResponderTerminate={[Function]}
                                  onResponderTerminationRequest={[Function]}
                                  onStartShouldSetResponder={[Function]}
                                  style={
                                    Object {
                                      "opacity": 1,
                                    }
                                  }
                                >
                                  <View
                                    style={
                                      Object {
                                        "alignItems": "center",
                                        "backgroundColor": "#2089dc",
                                        "borderColor": "#2089dc",
                                        "borderRadius": 3,
                                        "borderWidth": 0,
                                        "flexDirection": "row",
                                        "justifyContent": "center",
                                        "padding": 8,
                                      }
                                    }
                                  >
                                    <Text
                                      style={
                                        Object {
                                          "color": "white",
                                          "fontSize": 18,
                                          "fontWeight": "bold",
                                          "paddingBottom": 1,
                                          "paddingTop": 2,
                                          "textAlign": "center",
                                        }
                                      }
                                    >
                                      Learn more
                                    </Text>
                                  </View>
                                </View>
                              </View>
                            </View>
                          </View>
                          <View
                            onMoveShouldSetResponder={[Function]}
                            onMoveShouldSetResponderCapture={[Function]}
                            onResponderEnd={[Function]}
                            onResponderGrant={[Function]}
                            onResponderMove={[Function]}
                            onResponderReject={[Function]}
                            onResponderRelease={[Function]}
                            onResponderStart={[Function]}
                            onResponderTerminate={[Function]}
                            onResponderTerminationRequest={[Function]}
                            onStartShouldSetResponder={[Function]}
                            onStartShouldSetResponderCapture={[Function]}
                            style={
                              Object {
                                "height": "105%",
                                "position": "absolute",
                                "transform": Array [
                                  Object {
                                    "rotate": "0deg",
                                  },
                                  Object {
                                    "scale": 0.9,
                                  },
                                  Object {
                                    "translateX": 0,
                                  },
                                  Object {
                                    "translateY": 0,
                                  },
                                ],
                                "width": 750,
                              }
                            }
                          >
                            <View
                              style={
                                Object {
                                  "opacity": 0,
                                  "position": "absolute",
                                  "right": 45,
                                  "top": 45,
                                  "transform": Array [
                                    Object {
                                      "rotate": "15deg",
                                    },
                                  ],
                                  "zIndex": 999,
                                }
                              }
                            >
                              <Text
                                style={
                                  Array [
                                    Object {
                                      "borderRadius": 4,
                                      "borderWidth": 2,
                                      "fontSize": 30,
                                      "fontWeight": "800",
                                      "padding": 10,
                                    },
                                    Object {
                                      "borderColor": "#4bdb79",
                                      "color": "#4bdb79",
                                    },
                                  ]
                                }
                              >
                                YES
                              </Text>
                            </View>
                            <View
                              style={
                                Object {
                                  "left": 45,
                                  "opacity": 0,
                                  "position": "absolute",
                                  "top": 45,
                                  "transform": Array [
                                    Object {
                                      "rotate": "-15deg",
                                    },
                                  ],
                                  "zIndex": 999,
                                }
                              }
                            >
                              <Text
                                style={
                                  Array [
                                    Object {
                                      "borderRadius": 4,
                                      "borderWidth": 2,
                                      "fontSize": 30,
                                      "fontWeight": "800",
                                      "padding": 10,
                                    },
                                    Object {
                                      "borderColor": "#D80027",
                                      "color": "#D80027",
                                    },
                                  ]
                                }
                              >
                                NO
                              </Text>
                            </View>
                            <View
                              style={
                                Object {
                                  "backgroundColor": "#eee",
                                  "flex": 1,
                                  "padding": 16,
                                }
                              }
                            >
                              <Image
                                source={
                                  Object {
                                    "uri": "https://firebasestorage.googleapis.com/v0/b/react-native-e.appspot.com/o/de1c705839368ff51c56e62e87d65411f381f5fc.png?alt=media&token=9fe066e7-9000-41c6-870c-b72e7a77be61",
                                  }
                                }
                                style={
                                  Object {
                                    "backgroundColor": "#fff",
                                    "borderRadius": 20,
                                    "flex": 1,
                                    "height": null,
                                    "resizeMode": "cover",
                                    "width": null,
                                  }
                                }
                              />
                              <Text>
                                Lorem ipsum dolor sit amet, consectetur adipiscing elit, sed do eiusmod tempor incididunt ut labore et dolore magna aliqua.
                              </Text>
                              <View
                                style={
                                  Object {
                                    "borderRadius": 3,
                                  }
                                }
                              >
                                <View
                                  accessible={true}
                                  isTVSelectable={true}
                                  onResponderGrant={[Function]}
                                  onResponderMove={[Function]}
                                  onResponderRelease={[Function]}
                                  onResponderTerminate={[Function]}
                                  onResponderTerminationRequest={[Function]}
                                  onStartShouldSetResponder={[Function]}
                                  style={
                                    Object {
                                      "opacity": 1,
                                    }
                                  }
                                >
                                  <View
                                    style={
                                      Object {
                                        "alignItems": "center",
                                        "backgroundColor": "#2089dc",
                                        "borderColor": "#2089dc",
                                        "borderRadius": 3,
                                        "borderWidth": 0,
                                        "flexDirection": "row",
                                        "justifyContent": "center",
                                        "padding": 8,
                                      }
                                    }
                                  >
                                    <Text
                                      style={
                                        Object {
                                          "color": "white",
                                          "fontSize": 18,
                                          "fontWeight": "bold",
                                          "paddingBottom": 1,
                                          "paddingTop": 2,
                                          "textAlign": "center",
                                        }
                                      }
                                    >
                                      Learn more
                                    </Text>
                                  </View>
                                </View>
                              </View>
                            </View>
                          </View>
                        </View>
                        <View
                          style={
                            Object {
                              "alignItems": "center",
                              "flex": 2,
                              "flexDirection": "row",
                              "justifyContent": "center",
                              "zIndex": -1,
                            }
                          }
                        >
                          <View
                            accessible={true}
                            isTVSelectable={true}
                            onResponderGrant={[Function]}
                            onResponderMove={[Function]}
                            onResponderRelease={[Function]}
                            onResponderTerminate={[Function]}
                            onResponderTerminationRequest={[Function]}
                            onStartShouldSetResponder={[Function]}
                            style={
                              Object {
                                "alignItems": "center",
                                "backgroundColor": "#efefef",
                                "borderRadius": 35,
                                "height": 70,
                                "justifyContent": "center",
                                "marginHorizontal": 15,
                                "opacity": 1,
                                "width": 70,
                              }
                            }
                          >
                            <Text>
                              Yes
                            </Text>
                          </View>
                          <View
                            accessible={true}
                            isTVSelectable={true}
                            onResponderGrant={[Function]}
                            onResponderMove={[Function]}
                            onResponderRelease={[Function]}
                            onResponderTerminate={[Function]}
                            onResponderTerminationRequest={[Function]}
                            onStartShouldSetResponder={[Function]}
                            style={
                              Object {
                                "alignItems": "center",
                                "backgroundColor": "#efefef",
                                "borderRadius": 35,
                                "height": 70,
                                "justifyContent": "center",
                                "marginHorizontal": 15,
                                "opacity": 1,
                                "width": 70,
                              }
                            }
                          >
                            <Text>
                              No
                            </Text>
                          </View>
                        </View>
                      </View>
                    </View>
                  </View>
                </View>
              </View>
            </View>
          </View>
        </View>
      </View>
    </View>
    <RCTSafeAreaView
      style={
        Object {
          "backgroundColor": "white",
          "shadowColor": "black",
          "shadowOffset": Object {
            "height": 0,
            "width": 0,
          },
          "shadowOpacity": 0.18,
          "shadowRadius": 2,
        }
      }
    >
      <View
        style={
          Object {
            "alignItems": "stretch",
            "flexDirection": "row",
            "height": 45,
            "justifyContent": "space-around",
          }
        }
      >
        <View
          accessible={true}
          onResponderGrant={[Function]}
          onResponderMove={[Function]}
          onResponderRelease={[Function]}
          onResponderTerminate={[Function]}
          onResponderTerminationRequest={[Function]}
          onStartShouldSetResponder={[Function]}
          style={
            Object {
              "alignItems": "center",
              "flex": 1,
              "justifyContent": "center",
            }
          }
        >
          <Text
            allowFontScaling={false}
            style={
              Array [
                Object {
                  "color": "#a237f3",
                  "fontSize": 28,
                },
                undefined,
                Object {
                  "fontFamily": "Icons",
                  "fontStyle": "normal",
                  "fontWeight": "normal",
                },
                Object {},
              ]
            }
          >
            
          </Text>
        </View>
        <View
          accessible={true}
          onResponderGrant={[Function]}
          onResponderMove={[Function]}
          onResponderRelease={[Function]}
          onResponderTerminate={[Function]}
          onResponderTerminationRequest={[Function]}
          onStartShouldSetResponder={[Function]}
          style={
            Object {
              "alignItems": "center",
              "flex": 1,
              "justifyContent": "center",
            }
          }
        >
          <Text
            allowFontScaling={false}
            style={
              Array [
                Object {
                  "color": "#999999",
                  "fontSize": 28,
                },
                undefined,
                Object {
                  "fontFamily": "Icons",
                  "fontStyle": "normal",
                  "fontWeight": "normal",
                },
                Object {},
              ]
            }
          >
            
          </Text>
        </View>
      </View>
    </RCTSafeAreaView>
  </View>
</View>
`;
